  layer  0 done (4096 tok)
  layer  1 done (4096 tok)
  layer  2 done (4096 tok)
  layer  3 done (4096 tok)
  layer  4 done (4096 tok)
  layer  5 done (4096 tok)
  layer  6 done (4096 tok)
  layer  7 done (4096 tok)
  layer  8 done (4096 tok)
  layer  9 done (4096 tok)
  layer 10 done (4096 tok)
  layer 11 done (4096 tok)
  layer 12 done (4096 tok)
  layer 13 done (4096 tok)
  layer 14 done (4096 tok)
  layer 15 done (4096 tok)
  layer 16 done (4096 tok)
  layer 17 done (4096 tok)
  layer 18 done (4096 tok)
  layer 19 done (4096 tok)
  layer 20 done (4096 tok)
  layer 21 done (4096 tok)
  layer 22 done (4096 tok)
  layer 23 done (4096 tok)
  layer 24 done (4096 tok)
  layer 25 done (4096 tok)
  layer 26 done (4096 tok)
  layer 27 done (4096 tok)
  layer 28 done (4096 tok)
  layer 29 done (4096 tok)
  layer 30 done (4096 tok)
  layer 31 done (4096 tok)
  layer 32 done (4096 tok)
  layer 33 done (4096 tok)
  layer 34 done (4096 tok)
  layer 35 done (4096 tok)
  layer 36 done (4096 tok)
  layer 37 done (4096 tok)
  layer 38 done (4096 tok)
  layer 39 done (4096 tok)
  layer 40 done (4096 tok)
  layer 41 done (4096 tok)
  layer 42 done (4096 tok)
  layer 43 done (4096 tok)
  layer 44 done (4096 tok)
  layer 45 done (4096 tok)
  layer 46 done (4096 tok)
  layer 47 done (4096 tok)
  layer 48 done (4096 tok)
  layer 49 done (4096 tok)
  layer 50 done (4096 tok)
  layer 51 done (4096 tok)
  layer 52 done (4096 tok)
  layer 53 done (4096 tok)
  layer 54 done (4096 tok)
  layer 55 done (4096 tok)
  layer 56 done (4096 tok)
  layer 57 done (4096 tok)
  layer 58 done (4096 tok)
  layer 59 done (4096 tok)
  layer 60 done (4096 tok)
  layer 61 done (4096 tok)
  layer 62 done (4096 tok)
  layer 63 done (4096 tok)
  layer 64 done (4096 tok)
  layer 65 done (4096 tok)
  layer 66 done (4096 tok)
  layer 67 done (4096 tok)
  layer 68 done (4096 tok)
  layer 69 done (4096 tok)
  layer 70 done (4096 tok)
  layer 71 done (4096 tok)
  layer 72 done (4096 tok)
  layer 73 done (4096 tok)
  layer 74 done (4096 tok)
  layer 75 done (4096 tok)
  layer 76 done (4096 tok)
  layer 77 done (4096 tok)

=== Aggregate over 78 layers (mean per layer) ===
method           data_mse    score_err      val_err        total   (dB vs hadamard)
hadamard           15.756     0.030999     0.030746     0.061745   score +0.00 val +0.00 total +0.00
rcov_phblock       13.116     0.026723      0.02557     0.052294   score -0.64 val -0.80 total -0.72

Lower total = better. The OSCAR-for-latent objective is score_err + α·val_err;
data_mse is what the plain c_kv-covariance PCA minimizes (and is NOT the goal).
