INFO Using snapshot /shared/huggingface/hub/models--zai-org--GLM-5.2-FP8/snapshots/31cba24fb749908a485082bdeed6eb1ac6cffc2f
INFO Found 79 kv_b_proj layers
INFO   layer  0: H_score cond=29148  H_val cond=68  ortho_err=3.6e-07
INFO   layer  1: H_score cond=2759  H_val cond=23  ortho_err=3.6e-07
INFO   layer  2: H_score cond=152147  H_val cond=41  ortho_err=3.6e-07
INFO   layer  3: H_score cond=67230  H_val cond=167  ortho_err=3.6e-07
INFO   layer  4: H_score cond=1824  H_val cond=23  ortho_err=3.6e-07
INFO   layer  5: H_score cond=480  H_val cond=22  ortho_err=7.2e-07
INFO   layer  6: H_score cond=713  H_val cond=26  ortho_err=3.6e-07
INFO   layer  7: H_score cond=1641  H_val cond=37  ortho_err=4.8e-07
INFO   layer  8: H_score cond=10360  H_val cond=126  ortho_err=3.6e-07
INFO   layer  9: H_score cond=22482  H_val cond=140  ortho_err=4.2e-07
INFO   layer 10: H_score cond=49932  H_val cond=2130  ortho_err=6.0e-07
INFO   layer 11: H_score cond=6225  H_val cond=278  ortho_err=3.0e-07
INFO   layer 12: H_score cond=22084  H_val cond=1416  ortho_err=3.6e-07
INFO   layer 13: H_score cond=2759  H_val cond=39  ortho_err=3.6e-07
INFO   layer 14: H_score cond=9924  H_val cond=190  ortho_err=3.6e-07
INFO   layer 15: H_score cond=2972  H_val cond=34  ortho_err=4.2e-07
INFO   layer 16: H_score cond=6110  H_val cond=80  ortho_err=3.6e-07
INFO   layer 17: H_score cond=4486  H_val cond=53  ortho_err=3.6e-07
INFO   layer 18: H_score cond=9028  H_val cond=120  ortho_err=4.2e-07
INFO   layer 19: H_score cond=3960  H_val cond=50  ortho_err=3.6e-07
INFO   layer 20: H_score cond=239  H_val cond=8  ortho_err=3.6e-07
INFO   layer 21: H_score cond=4770  H_val cond=171  ortho_err=3.6e-07
INFO   layer 22: H_score cond=1138  H_val cond=103  ortho_err=3.6e-07
INFO   layer 23: H_score cond=2395  H_val cond=48  ortho_err=6.0e-07
INFO   layer 24: H_score cond=6135  H_val cond=139  ortho_err=3.6e-07
INFO   layer 25: H_score cond=4528  H_val cond=131  ortho_err=3.6e-07
INFO   layer 26: H_score cond=7713  H_val cond=286  ortho_err=4.2e-07
INFO   layer 27: H_score cond=39  H_val cond=9  ortho_err=4.2e-07
INFO   layer 28: H_score cond=18  H_val cond=5  ortho_err=3.6e-07
INFO   layer 29: H_score cond=662  H_val cond=36  ortho_err=3.6e-07
INFO   layer 30: H_score cond=33  H_val cond=6  ortho_err=4.8e-07
INFO   layer 31: H_score cond=7  H_val cond=7  ortho_err=3.6e-07
INFO   layer 32: H_score cond=11  H_val cond=5  ortho_err=3.6e-07
INFO   layer 33: H_score cond=10  H_val cond=8  ortho_err=3.6e-07
INFO   layer 34: H_score cond=9  H_val cond=7  ortho_err=3.6e-07
INFO   layer 35: H_score cond=17  H_val cond=5  ortho_err=3.6e-07
INFO   layer 36: H_score cond=35  H_val cond=8  ortho_err=3.6e-07
INFO   layer 37: H_score cond=10  H_val cond=10  ortho_err=3.6e-07
INFO   layer 38: H_score cond=7  H_val cond=6  ortho_err=3.6e-07
INFO   layer 39: H_score cond=15  H_val cond=12  ortho_err=3.6e-07
INFO   layer 40: H_score cond=8  H_val cond=5  ortho_err=3.6e-07
INFO   layer 41: H_score cond=12  H_val cond=8  ortho_err=4.8e-07
INFO   layer 42: H_score cond=10  H_val cond=8  ortho_err=3.6e-07
INFO   layer 43: H_score cond=10  H_val cond=8  ortho_err=3.6e-07
INFO   layer 44: H_score cond=14  H_val cond=11  ortho_err=3.6e-07
INFO   layer 45: H_score cond=13  H_val cond=11  ortho_err=4.2e-07
INFO   layer 46: H_score cond=9  H_val cond=14  ortho_err=3.6e-07
INFO   layer 47: H_score cond=19  H_val cond=11  ortho_err=3.6e-07
INFO   layer 48: H_score cond=26  H_val cond=6  ortho_err=3.6e-07
INFO   layer 49: H_score cond=27  H_val cond=6  ortho_err=3.6e-07
INFO   layer 50: H_score cond=50  H_val cond=28  ortho_err=4.8e-07
INFO   layer 51: H_score cond=24  H_val cond=9  ortho_err=3.6e-07
INFO   layer 52: H_score cond=27  H_val cond=28  ortho_err=3.6e-07
INFO   layer 53: H_score cond=17  H_val cond=9  ortho_err=4.8e-07
INFO   layer 54: H_score cond=21  H_val cond=10  ortho_err=3.6e-07
INFO   layer 55: H_score cond=14  H_val cond=8  ortho_err=3.6e-07
INFO   layer 56: H_score cond=182  H_val cond=32  ortho_err=4.8e-07
INFO   layer 57: H_score cond=53  H_val cond=9  ortho_err=3.6e-07
INFO   layer 58: H_score cond=8  H_val cond=6  ortho_err=3.6e-07
INFO   layer 59: H_score cond=78  H_val cond=11  ortho_err=3.6e-07
INFO   layer 60: H_score cond=75  H_val cond=16  ortho_err=6.6e-07
INFO   layer 61: H_score cond=52  H_val cond=7  ortho_err=3.6e-07
INFO   layer 62: H_score cond=649  H_val cond=45  ortho_err=3.6e-07
INFO   layer 63: H_score cond=105  H_val cond=26  ortho_err=3.6e-07
INFO   layer 64: H_score cond=1170  H_val cond=182  ortho_err=3.6e-07
INFO   layer 65: H_score cond=2601  H_val cond=586  ortho_err=4.8e-07
INFO   layer 66: H_score cond=25  H_val cond=6  ortho_err=4.8e-07
INFO   layer 67: H_score cond=54  H_val cond=5  ortho_err=3.6e-07
INFO   layer 68: H_score cond=29  H_val cond=7  ortho_err=3.6e-07
INFO   layer 69: H_score cond=30  H_val cond=5  ortho_err=3.6e-07
INFO   layer 70: H_score cond=15  H_val cond=6  ortho_err=4.8e-07
INFO   layer 71: H_score cond=34  H_val cond=11  ortho_err=4.2e-07
INFO   layer 72: H_score cond=17  H_val cond=6  ortho_err=3.6e-07
INFO   layer 73: H_score cond=22  H_val cond=10  ortho_err=4.8e-07
INFO   layer 74: H_score cond=23  H_val cond=5  ortho_err=4.8e-07
INFO   layer 75: H_score cond=22  H_val cond=9  ortho_err=3.6e-07
INFO   layer 76: H_score cond=50  H_val cond=19  ortho_err=3.6e-07
INFO   layer 77: H_score cond=47  H_val cond=10  ortho_err=3.6e-07
INFO   layer 78: H_score cond=16  H_val cond=29  ortho_err=4.8e-07
INFO Done. 79 rotation files → rotation/investigation/02_glm52_hp128/upproj_rotations
